<?xml version="1.0" encoding="UTF-8"?>
<TestRun id="03a6a382-3c63-46c2-8510-d90771827b5b" name="lcosta@MSS-RJ-215 2009-12-18 16:35:27" runUser="MSS\lcosta" xmlns="http://microsoft.com/schemas/VisualStudio/TeamTest/2010">
  <TestSettings name="Local" id="456d97a2-9272-4fad-aa33-68743b47866c">
    <Description>These are default test settings for a local test run.</Description>
    <Deployment enabled="false" runDeploymentRoot="lcosta_MSS-RJ-215 2009-12-18 16_35_27">
      <DeploymentItem filename="D:\Luiz\projetos\restfulie-dotNet\RestfulieClient\RestfulieClient\RestfuliClientTests\bin\Debug\Rhino.Mocks.dll" />
      <DeploymentItem filename="D:\Luiz\projetos\restfulie-dotNet\RestfulieClient\RestfulieClient\RestfulieClient\bin\Debug\RestfulieClient.dll" />
    </Deployment>
    <Execution>
      <TestTypeSpecific />
      <AgentRule name="Execution Agents">
      </AgentRule>
    </Execution>
  </TestSettings>
  <Times creation="2009-12-18T16:35:27.8516098-02:00" queuing="2009-12-18T16:35:29.0566098-02:00" start="2009-12-18T16:35:29.1366098-02:00" finish="2009-12-18T16:35:31.9376098-02:00" />
  <ResultSummary outcome="Completed">
    <Counters total="8" executed="8" passed="8" error="0" failed="0" timeout="0" aborted="0" inconclusive="0" passedButRunAborted="0" notRunnable="0" notExecuted="0" disconnected="0" warning="0" completed="0" inProgress="0" pending="0" />
  </ResultSummary>
  <TestDefinitions>
    <UnitTest name="ShouldBePossibleToExecuteDynamicMethodsInResource" storage="d:\luiz\projetos\restfulie-dotnet\restfulieclient\restfulieclient\restfuliclienttests\bin\debug\restfuliclienttests.dll" id="9db7e05b-f371-1508-4150-883face9ffc6">
      <Execution id="572edfb1-99e6-4e2f-8917-5a91ecc1d54c" />
      <TestMethod codeBase="D:/Luiz/projetos/restfulie-dotNet/RestfulieClient/RestfulieClient/RestfuliClientTests/bin/Debug/RestfuliClientTests.DLL" adapterTypeName="Microsoft.VisualStudio.TestTools.TestTypes.Unit.UnitTestAdapter, Microsoft.VisualStudio.QualityTools.Tips.UnitTest.Adapter, Version=10.0.0.0, Culture=neutral, PublicKeyToken=b03f5f7f11d50a3a" className="RestfuliClientTests.DynamicXmlResourceTest, RestfuliClientTests, Version=1.0.0.0, Culture=neutral, PublicKeyToken=null" name="ShouldBePossibleToExecuteDynamicMethodsInResource" />
    </UnitTest>
    <UnitTest name="ShouldBeSendAGetForSomeTransitionNameThatIsNotSupported" storage="d:\luiz\projetos\restfulie-dotnet\restfulieclient\restfulieclient\restfuliclienttests\bin\debug\restfuliclienttests.dll" id="50d0f768-5def-b475-3350-01dc843a4446">
      <Execution id="2e12da37-4c17-4d1f-bdb8-9571005c6438" />
      <TestMethod codeBase="D:/Luiz/projetos/restfulie-dotNet/RestfulieClient/RestfulieClient/RestfuliClientTests/bin/Debug/RestfuliClientTests.DLL" adapterTypeName="Microsoft.VisualStudio.TestTools.TestTypes.Unit.UnitTestAdapter, Microsoft.VisualStudio.QualityTools.Tips.UnitTest.Adapter, Version=10.0.0.0, Culture=neutral, PublicKeyToken=b03f5f7f11d50a3a" className="RestfuliClientTests.RestfulieHttpVerbDiscoveryTest, RestfuliClientTests, Version=1.0.0.0, Culture=neutral, PublicKeyToken=null" name="ShouldBeSendAGetForSomeTransitionNameThatIsNotSupported" />
    </UnitTest>
    <UnitTest name="ShouldSendAPOSTIfTheStateTransitionNameIsUpdate" storage="d:\luiz\projetos\restfulie-dotnet\restfulieclient\restfulieclient\restfuliclienttests\bin\debug\restfuliclienttests.dll" id="cbc2773b-0c0c-0ab1-2b27-d03d43cf5ba5">
      <Execution id="08a6b695-35bd-4b2d-a142-992adeab5b29" />
      <TestMethod codeBase="D:/Luiz/projetos/restfulie-dotNet/RestfulieClient/RestfulieClient/RestfuliClientTests/bin/Debug/RestfuliClientTests.DLL" adapterTypeName="Microsoft.VisualStudio.TestTools.TestTypes.Unit.UnitTestAdapter, Microsoft.VisualStudio.QualityTools.Tips.UnitTest.Adapter, Version=10.0.0.0, Culture=neutral, PublicKeyToken=b03f5f7f11d50a3a" className="RestfuliClientTests.RestfulieHttpVerbDiscoveryTest, RestfuliClientTests, Version=1.0.0.0, Culture=neutral, PublicKeyToken=null" name="ShouldSendAPOSTIfTheStateTransitionNameIsUpdate" />
    </UnitTest>
    <UnitTest name="LearningToReadAAtomLinkInXml" storage="d:\luiz\projetos\restfulie-dotnet\restfulieclient\restfulieclient\restfuliclienttests\bin\debug\restfuliclienttests.dll" id="f259dcfd-b0fc-ff4d-e19a-3f823d4cb031">
      <Execution id="644ee80f-03d2-4428-aaa3-a1c771473023" />
      <TestMethod codeBase="D:/Luiz/projetos/restfulie-dotNet/RestfulieClient/RestfulieClient/RestfuliClientTests/bin/Debug/RestfuliClientTests.DLL" adapterTypeName="Microsoft.VisualStudio.TestTools.TestTypes.Unit.UnitTestAdapter, Microsoft.VisualStudio.QualityTools.Tips.UnitTest.Adapter, Version=10.0.0.0, Culture=neutral, PublicKeyToken=b03f5f7f11d50a3a" className="RestfuliClientTests.DynamicXmlResourceTest, RestfuliClientTests, Version=1.0.0.0, Culture=neutral, PublicKeyToken=null" name="LearningToReadAAtomLinkInXml" />
    </UnitTest>
    <UnitTest name="ShoudBePossibleToLoadAResourceFromXml" storage="d:\luiz\projetos\restfulie-dotnet\restfulieclient\restfulieclient\restfuliclienttests\bin\debug\restfuliclienttests.dll" id="d67ac6a1-a5b7-23ec-7045-9e2ae068fef8">
      <Execution id="4e9b9ba5-08f8-4046-a315-42895ae29e7e" />
      <TestMethod codeBase="D:/Luiz/projetos/restfulie-dotNet/RestfulieClient/RestfulieClient/RestfuliClientTests/bin/Debug/RestfuliClientTests.DLL" adapterTypeName="Microsoft.VisualStudio.TestTools.TestTypes.Unit.UnitTestAdapter, Microsoft.VisualStudio.QualityTools.Tips.UnitTest.Adapter, Version=10.0.0.0, Culture=neutral, PublicKeyToken=b03f5f7f11d50a3a" className="RestfuliClientTests.ResourceServiceTest, RestfuliClientTests, Version=1.0.0.0, Culture=neutral, PublicKeyToken=null" name="ShoudBePossibleToLoadAResourceFromXml" />
    </UnitTest>
    <UnitTest name="ShouldSendADELETEIfTheStateTransitionNameIsCancelDestroyOrDelete" storage="d:\luiz\projetos\restfulie-dotnet\restfulieclient\restfulieclient\restfuliclienttests\bin\debug\restfuliclienttests.dll" id="a63ebef4-e52e-1b48-622f-e24b44b4cf1a">
      <Execution id="5c24c5b5-d4d9-425d-841c-f0d1d6543378" />
      <TestMethod codeBase="D:/Luiz/projetos/restfulie-dotNet/RestfulieClient/RestfulieClient/RestfuliClientTests/bin/Debug/RestfuliClientTests.DLL" adapterTypeName="Microsoft.VisualStudio.TestTools.TestTypes.Unit.UnitTestAdapter, Microsoft.VisualStudio.QualityTools.Tips.UnitTest.Adapter, Version=10.0.0.0, Culture=neutral, PublicKeyToken=b03f5f7f11d50a3a" className="RestfuliClientTests.RestfulieHttpVerbDiscoveryTest, RestfuliClientTests, Version=1.0.0.0, Culture=neutral, PublicKeyToken=null" name="ShouldSendADELETEIfTheStateTransitionNameIsCancelDestroyOrDelete" />
    </UnitTest>
    <UnitTest name="ShouldBeSendAGetIfTheStateTransitionNameIsRefreshReloadShowOrLatest" storage="d:\luiz\projetos\restfulie-dotnet\restfulieclient\restfulieclient\restfuliclienttests\bin\debug\restfuliclienttests.dll" id="77dd7c9e-87fe-f72c-f081-25ec26cecca2">
      <Execution id="56e8bcfb-9d3f-43f0-acb6-debea7e0538b" />
      <TestMethod codeBase="D:/Luiz/projetos/restfulie-dotNet/RestfulieClient/RestfulieClient/RestfuliClientTests/bin/Debug/RestfuliClientTests.DLL" adapterTypeName="Microsoft.VisualStudio.TestTools.TestTypes.Unit.UnitTestAdapter, Microsoft.VisualStudio.QualityTools.Tips.UnitTest.Adapter, Version=10.0.0.0, Culture=neutral, PublicKeyToken=b03f5f7f11d50a3a" className="RestfuliClientTests.RestfulieHttpVerbDiscoveryTest, RestfuliClientTests, Version=1.0.0.0, Culture=neutral, PublicKeyToken=null" name="ShouldBeSendAGetIfTheStateTransitionNameIsRefreshReloadShowOrLatest" />
    </UnitTest>
    <UnitTest name="ShouldBePossibleToLoadAXmlByTheyDynamicObject" storage="d:\luiz\projetos\restfulie-dotnet\restfulieclient\restfulieclient\restfuliclienttests\bin\debug\restfuliclienttests.dll" id="d0323cf5-0177-9eb9-b002-fddc1f554fb9">
      <Execution id="dcb4d0f2-146a-43d8-92ed-bceac717bba8" />
      <TestMethod codeBase="D:/Luiz/projetos/restfulie-dotNet/RestfulieClient/RestfulieClient/RestfuliClientTests/bin/Debug/RestfuliClientTests.DLL" adapterTypeName="Microsoft.VisualStudio.TestTools.TestTypes.Unit.UnitTestAdapter, Microsoft.VisualStudio.QualityTools.Tips.UnitTest.Adapter, Version=10.0.0.0, Culture=neutral, PublicKeyToken=b03f5f7f11d50a3a" className="RestfuliClientTests.DynamicXmlResourceTest, RestfuliClientTests, Version=1.0.0.0, Culture=neutral, PublicKeyToken=null" name="ShouldBePossibleToLoadAXmlByTheyDynamicObject" />
    </UnitTest>
  </TestDefinitions>
  <TestLists>
    <TestList name="Results Not in a List" id="8c84fa94-04c1-424b-9868-57a2d4851a1d" />
    <TestList name="All Loaded Results" id="19431567-8539-422a-85d7-44ee4e166bda" />
  </TestLists>
  <TestEntries>
    <TestEntry testId="50d0f768-5def-b475-3350-01dc843a4446" executionId="2e12da37-4c17-4d1f-bdb8-9571005c6438" testListId="8c84fa94-04c1-424b-9868-57a2d4851a1d" />
    <TestEntry testId="77dd7c9e-87fe-f72c-f081-25ec26cecca2" executionId="56e8bcfb-9d3f-43f0-acb6-debea7e0538b" testListId="8c84fa94-04c1-424b-9868-57a2d4851a1d" />
    <TestEntry testId="9db7e05b-f371-1508-4150-883face9ffc6" executionId="572edfb1-99e6-4e2f-8917-5a91ecc1d54c" testListId="8c84fa94-04c1-424b-9868-57a2d4851a1d" />
    <TestEntry testId="a63ebef4-e52e-1b48-622f-e24b44b4cf1a" executionId="5c24c5b5-d4d9-425d-841c-f0d1d6543378" testListId="8c84fa94-04c1-424b-9868-57a2d4851a1d" />
    <TestEntry testId="cbc2773b-0c0c-0ab1-2b27-d03d43cf5ba5" executionId="08a6b695-35bd-4b2d-a142-992adeab5b29" testListId="8c84fa94-04c1-424b-9868-57a2d4851a1d" />
    <TestEntry testId="d0323cf5-0177-9eb9-b002-fddc1f554fb9" executionId="dcb4d0f2-146a-43d8-92ed-bceac717bba8" testListId="8c84fa94-04c1-424b-9868-57a2d4851a1d" />
    <TestEntry testId="d67ac6a1-a5b7-23ec-7045-9e2ae068fef8" executionId="4e9b9ba5-08f8-4046-a315-42895ae29e7e" testListId="8c84fa94-04c1-424b-9868-57a2d4851a1d" />
    <TestEntry testId="f259dcfd-b0fc-ff4d-e19a-3f823d4cb031" executionId="644ee80f-03d2-4428-aaa3-a1c771473023" testListId="8c84fa94-04c1-424b-9868-57a2d4851a1d" />
  </TestEntries>
  <Results>
    <UnitTestResult executionId="2e12da37-4c17-4d1f-bdb8-9571005c6438" testId="50d0f768-5def-b475-3350-01dc843a4446" testName="ShouldBeSendAGetForSomeTransitionNameThatIsNotSupported" computerName="MSS-RJ-215" duration="00:00:00.0097680" startTime="2009-12-18T16:35:29.2456098-02:00" endTime="2009-12-18T16:35:30.6256098-02:00" testType="13cdc9d9-ddb5-4fa4-a97d-d965ccfc6d4b" outcome="Passed" testListId="8c84fa94-04c1-424b-9868-57a2d4851a1d" relativeResultsDirectory="2e12da37-4c17-4d1f-bdb8-9571005c6438">
    </UnitTestResult>
    <UnitTestResult executionId="56e8bcfb-9d3f-43f0-acb6-debea7e0538b" testId="77dd7c9e-87fe-f72c-f081-25ec26cecca2" testName="ShouldBeSendAGetIfTheStateTransitionNameIsRefreshReloadShowOrLatest" computerName="MSS-RJ-215" duration="00:00:00.0006957" startTime="2009-12-18T16:35:30.6346098-02:00" endTime="2009-12-18T16:35:30.6406098-02:00" testType="13cdc9d9-ddb5-4fa4-a97d-d965ccfc6d4b" outcome="Passed" testListId="8c84fa94-04c1-424b-9868-57a2d4851a1d" relativeResultsDirectory="56e8bcfb-9d3f-43f0-acb6-debea7e0538b">
    </UnitTestResult>
    <UnitTestResult executionId="572edfb1-99e6-4e2f-8917-5a91ecc1d54c" testId="9db7e05b-f371-1508-4150-883face9ffc6" testName="ShouldBePossibleToExecuteDynamicMethodsInResource" computerName="MSS-RJ-215" duration="00:00:00.8776912" startTime="2009-12-18T16:35:30.6466098-02:00" endTime="2009-12-18T16:35:31.5296098-02:00" testType="13cdc9d9-ddb5-4fa4-a97d-d965ccfc6d4b" outcome="Passed" testListId="8c84fa94-04c1-424b-9868-57a2d4851a1d" relativeResultsDirectory="572edfb1-99e6-4e2f-8917-5a91ecc1d54c">
    </UnitTestResult>
    <UnitTestResult executionId="5c24c5b5-d4d9-425d-841c-f0d1d6543378" testId="a63ebef4-e52e-1b48-622f-e24b44b4cf1a" testName="ShouldSendADELETEIfTheStateTransitionNameIsCancelDestroyOrDelete" computerName="MSS-RJ-215" duration="00:00:00.0005743" startTime="2009-12-18T16:35:31.5346098-02:00" endTime="2009-12-18T16:35:31.5406098-02:00" testType="13cdc9d9-ddb5-4fa4-a97d-d965ccfc6d4b" outcome="Passed" testListId="8c84fa94-04c1-424b-9868-57a2d4851a1d" relativeResultsDirectory="5c24c5b5-d4d9-425d-841c-f0d1d6543378">
    </UnitTestResult>
    <UnitTestResult executionId="08a6b695-35bd-4b2d-a142-992adeab5b29" testId="cbc2773b-0c0c-0ab1-2b27-d03d43cf5ba5" testName="ShouldSendAPOSTIfTheStateTransitionNameIsUpdate" computerName="MSS-RJ-215" duration="00:00:00.0002563" startTime="2009-12-18T16:35:31.5566098-02:00" endTime="2009-12-18T16:35:31.5616098-02:00" testType="13cdc9d9-ddb5-4fa4-a97d-d965ccfc6d4b" outcome="Passed" testListId="8c84fa94-04c1-424b-9868-57a2d4851a1d" relativeResultsDirectory="08a6b695-35bd-4b2d-a142-992adeab5b29">
    </UnitTestResult>
    <UnitTestResult executionId="dcb4d0f2-146a-43d8-92ed-bceac717bba8" testId="d0323cf5-0177-9eb9-b002-fddc1f554fb9" testName="ShouldBePossibleToLoadAXmlByTheyDynamicObject" computerName="MSS-RJ-215" duration="00:00:00.0878404" startTime="2009-12-18T16:35:31.5676098-02:00" endTime="2009-12-18T16:35:31.6606098-02:00" testType="13cdc9d9-ddb5-4fa4-a97d-d965ccfc6d4b" outcome="Passed" testListId="8c84fa94-04c1-424b-9868-57a2d4851a1d" relativeResultsDirectory="dcb4d0f2-146a-43d8-92ed-bceac717bba8">
    </UnitTestResult>
    <UnitTestResult executionId="4e9b9ba5-08f8-4046-a315-42895ae29e7e" testId="d67ac6a1-a5b7-23ec-7045-9e2ae068fef8" testName="ShoudBePossibleToLoadAResourceFromXml" computerName="MSS-RJ-215" duration="00:00:00.0896357" startTime="2009-12-18T16:35:31.6666098-02:00" endTime="2009-12-18T16:35:31.7616098-02:00" testType="13cdc9d9-ddb5-4fa4-a97d-d965ccfc6d4b" outcome="Passed" testListId="8c84fa94-04c1-424b-9868-57a2d4851a1d" relativeResultsDirectory="4e9b9ba5-08f8-4046-a315-42895ae29e7e">
    </UnitTestResult>
    <UnitTestResult executionId="644ee80f-03d2-4428-aaa3-a1c771473023" testId="f259dcfd-b0fc-ff4d-e19a-3f823d4cb031" testName="LearningToReadAAtomLinkInXml" computerName="MSS-RJ-215" duration="00:00:00.0524920" startTime="2009-12-18T16:35:31.7706098-02:00" endTime="2009-12-18T16:35:31.8286098-02:00" testType="13cdc9d9-ddb5-4fa4-a97d-d965ccfc6d4b" outcome="Passed" testListId="8c84fa94-04c1-424b-9868-57a2d4851a1d" relativeResultsDirectory="644ee80f-03d2-4428-aaa3-a1c771473023">
    </UnitTestResult>
  </Results>
</TestRun>