<?xml version="1.0" encoding="UTF-8"?>
<TestRun id="c9a688ff-08be-44e9-af3b-ace7d834537a" name="Luiz@ZEMENINO 2009-12-23 10:52:58" runUser="ZEMENINO\Luiz" xmlns="http://microsoft.com/schemas/VisualStudio/TeamTest/2010">
  <TestSettings name="Local" id="456d97a2-9272-4fad-aa33-68743b47866c">
    <Description>These are default test settings for a local test run.</Description>
    <Deployment enabled="false" runDeploymentRoot="Luiz_ZEMENINO 2009-12-23 10_52_58">
      <DeploymentItem filename="C:\Documents and Settings\Luiz\Meus documentos\Luiz\projetos\dotNet\RestfulieClient\restfulie-dotNet\RestfulieClient\RestfulieClient\RestfuliClientTests\bin\Debug\Rhino.Mocks.dll" />
      <DeploymentItem filename="C:\Documents and Settings\Luiz\Meus documentos\Luiz\projetos\dotNet\RestfulieClient\restfulie-dotNet\RestfulieClient\RestfulieClient\RestfulieClient\bin\Debug\RestfulieClient.dll" />
    </Deployment>
    <Execution>
      <TestTypeSpecific />
      <AgentRule name="Execution Agents">
      </AgentRule>
    </Execution>
  </TestSettings>
  <Times creation="2009-12-23T10:52:58.3906250-02:00" queuing="2009-12-23T10:52:58.4375000-02:00" start="2009-12-23T10:52:58.4531250-02:00" finish="2009-12-23T10:52:59.4531250-02:00" />
  <ResultSummary outcome="Completed">
    <Counters total="8" executed="8" passed="8" error="0" failed="0" timeout="0" aborted="0" inconclusive="0" passedButRunAborted="0" notRunnable="0" notExecuted="0" disconnected="0" warning="0" completed="0" inProgress="0" pending="0" />
  </ResultSummary>
  <TestDefinitions>
    <UnitTest name="ShouldBePossibleToExecuteDynamicMethodsInResource" storage="c:\documents and settings\luiz\meus documentos\luiz\projetos\dotnet\restfulieclient\restfulie-dotnet\restfulieclient\restfulieclient\restfuliclienttests\bin\debug\restfuliclienttests.dll" id="9db7e05b-f371-1508-4150-883face9ffc6">
      <Execution id="eef8f7a8-5c90-40c3-ac7a-ffd390c35819" />
      <TestMethod codeBase="C:/Documents and Settings/Luiz/Meus documentos/Luiz/projetos/dotNet/RestfulieClient/restfulie-dotNet/RestfulieClient/RestfulieClient/RestfuliClientTests/bin/Debug/RestfuliClientTests.DLL" adapterTypeName="Microsoft.VisualStudio.TestTools.TestTypes.Unit.UnitTestAdapter, Microsoft.VisualStudio.QualityTools.Tips.UnitTest.Adapter, Version=10.0.0.0, Culture=neutral, PublicKeyToken=b03f5f7f11d50a3a" className="RestfuliClientTests.DynamicXmlResourceTest, RestfuliClientTests, Version=1.0.0.0, Culture=neutral, PublicKeyToken=null" name="ShouldBePossibleToExecuteDynamicMethodsInResource" />
    </UnitTest>
    <UnitTest name="ShouldBeSendAGetForSomeTransitionNameThatIsNotSupported" storage="c:\documents and settings\luiz\meus documentos\luiz\projetos\dotnet\restfulieclient\restfulie-dotnet\restfulieclient\restfulieclient\restfuliclienttests\bin\debug\restfuliclienttests.dll" id="50d0f768-5def-b475-3350-01dc843a4446">
      <Execution id="e01f6220-ad41-451b-8658-86217db63cd5" />
      <TestMethod codeBase="C:/Documents and Settings/Luiz/Meus documentos/Luiz/projetos/dotNet/RestfulieClient/restfulie-dotNet/RestfulieClient/RestfulieClient/RestfuliClientTests/bin/Debug/RestfuliClientTests.DLL" adapterTypeName="Microsoft.VisualStudio.TestTools.TestTypes.Unit.UnitTestAdapter, Microsoft.VisualStudio.QualityTools.Tips.UnitTest.Adapter, Version=10.0.0.0, Culture=neutral, PublicKeyToken=b03f5f7f11d50a3a" className="RestfuliClientTests.RestfulieHttpVerbDiscoveryTest, RestfuliClientTests, Version=1.0.0.0, Culture=neutral, PublicKeyToken=null" name="ShouldBeSendAGetForSomeTransitionNameThatIsNotSupported" />
    </UnitTest>
    <UnitTest name="ShouldSendAPOSTIfTheStateTransitionNameIsUpdate" storage="c:\documents and settings\luiz\meus documentos\luiz\projetos\dotnet\restfulieclient\restfulie-dotnet\restfulieclient\restfulieclient\restfuliclienttests\bin\debug\restfuliclienttests.dll" id="cbc2773b-0c0c-0ab1-2b27-d03d43cf5ba5">
      <Execution id="e1534b09-0cc7-4ba0-a0de-9de0ac0a028d" />
      <TestMethod codeBase="C:/Documents and Settings/Luiz/Meus documentos/Luiz/projetos/dotNet/RestfulieClient/restfulie-dotNet/RestfulieClient/RestfulieClient/RestfuliClientTests/bin/Debug/RestfuliClientTests.DLL" adapterTypeName="Microsoft.VisualStudio.TestTools.TestTypes.Unit.UnitTestAdapter, Microsoft.VisualStudio.QualityTools.Tips.UnitTest.Adapter, Version=10.0.0.0, Culture=neutral, PublicKeyToken=b03f5f7f11d50a3a" className="RestfuliClientTests.RestfulieHttpVerbDiscoveryTest, RestfuliClientTests, Version=1.0.0.0, Culture=neutral, PublicKeyToken=null" name="ShouldSendAPOSTIfTheStateTransitionNameIsUpdate" />
    </UnitTest>
    <UnitTest name="LearningToReadAAtomLinkInXml" storage="c:\documents and settings\luiz\meus documentos\luiz\projetos\dotnet\restfulieclient\restfulie-dotnet\restfulieclient\restfulieclient\restfuliclienttests\bin\debug\restfuliclienttests.dll" id="f259dcfd-b0fc-ff4d-e19a-3f823d4cb031">
      <Execution id="31ec5aa1-80b2-4a2b-a71d-d6f1f47f2834" />
      <TestMethod codeBase="C:/Documents and Settings/Luiz/Meus documentos/Luiz/projetos/dotNet/RestfulieClient/restfulie-dotNet/RestfulieClient/RestfulieClient/RestfuliClientTests/bin/Debug/RestfuliClientTests.DLL" adapterTypeName="Microsoft.VisualStudio.TestTools.TestTypes.Unit.UnitTestAdapter, Microsoft.VisualStudio.QualityTools.Tips.UnitTest.Adapter, Version=10.0.0.0, Culture=neutral, PublicKeyToken=b03f5f7f11d50a3a" className="RestfuliClientTests.DynamicXmlResourceTest, RestfuliClientTests, Version=1.0.0.0, Culture=neutral, PublicKeyToken=null" name="LearningToReadAAtomLinkInXml" />
    </UnitTest>
    <UnitTest name="ShoudBePossibleToLoadAResourceFromXml" storage="c:\documents and settings\luiz\meus documentos\luiz\projetos\dotnet\restfulieclient\restfulie-dotnet\restfulieclient\restfulieclient\restfuliclienttests\bin\debug\restfuliclienttests.dll" id="d67ac6a1-a5b7-23ec-7045-9e2ae068fef8">
      <Execution id="fa45b5f4-a3b0-4eb2-80bc-3fccaf462b9c" />
      <TestMethod codeBase="C:/Documents and Settings/Luiz/Meus documentos/Luiz/projetos/dotNet/RestfulieClient/restfulie-dotNet/RestfulieClient/RestfulieClient/RestfuliClientTests/bin/Debug/RestfuliClientTests.DLL" adapterTypeName="Microsoft.VisualStudio.TestTools.TestTypes.Unit.UnitTestAdapter, Microsoft.VisualStudio.QualityTools.Tips.UnitTest.Adapter, Version=10.0.0.0, Culture=neutral, PublicKeyToken=b03f5f7f11d50a3a" className="RestfuliClientTests.ResourceServiceTest, RestfuliClientTests, Version=1.0.0.0, Culture=neutral, PublicKeyToken=null" name="ShoudBePossibleToLoadAResourceFromXml" />
    </UnitTest>
    <UnitTest name="ShouldSendADELETEIfTheStateTransitionNameIsCancelDestroyOrDelete" storage="c:\documents and settings\luiz\meus documentos\luiz\projetos\dotnet\restfulieclient\restfulie-dotnet\restfulieclient\restfulieclient\restfuliclienttests\bin\debug\restfuliclienttests.dll" id="a63ebef4-e52e-1b48-622f-e24b44b4cf1a">
      <Execution id="42ad42de-3cde-40f4-9e0e-3e55dae52374" />
      <TestMethod codeBase="C:/Documents and Settings/Luiz/Meus documentos/Luiz/projetos/dotNet/RestfulieClient/restfulie-dotNet/RestfulieClient/RestfulieClient/RestfuliClientTests/bin/Debug/RestfuliClientTests.DLL" adapterTypeName="Microsoft.VisualStudio.TestTools.TestTypes.Unit.UnitTestAdapter, Microsoft.VisualStudio.QualityTools.Tips.UnitTest.Adapter, Version=10.0.0.0, Culture=neutral, PublicKeyToken=b03f5f7f11d50a3a" className="RestfuliClientTests.RestfulieHttpVerbDiscoveryTest, RestfuliClientTests, Version=1.0.0.0, Culture=neutral, PublicKeyToken=null" name="ShouldSendADELETEIfTheStateTransitionNameIsCancelDestroyOrDelete" />
    </UnitTest>
    <UnitTest name="ShouldBeSendAGetIfTheStateTransitionNameIsRefreshReloadShowOrLatest" storage="c:\documents and settings\luiz\meus documentos\luiz\projetos\dotnet\restfulieclient\restfulie-dotnet\restfulieclient\restfulieclient\restfuliclienttests\bin\debug\restfuliclienttests.dll" id="77dd7c9e-87fe-f72c-f081-25ec26cecca2">
      <Execution id="4195ac64-bbd1-488b-8935-08fe4b65ed23" />
      <TestMethod codeBase="C:/Documents and Settings/Luiz/Meus documentos/Luiz/projetos/dotNet/RestfulieClient/restfulie-dotNet/RestfulieClient/RestfulieClient/RestfuliClientTests/bin/Debug/RestfuliClientTests.DLL" adapterTypeName="Microsoft.VisualStudio.TestTools.TestTypes.Unit.UnitTestAdapter, Microsoft.VisualStudio.QualityTools.Tips.UnitTest.Adapter, Version=10.0.0.0, Culture=neutral, PublicKeyToken=b03f5f7f11d50a3a" className="RestfuliClientTests.RestfulieHttpVerbDiscoveryTest, RestfuliClientTests, Version=1.0.0.0, Culture=neutral, PublicKeyToken=null" name="ShouldBeSendAGetIfTheStateTransitionNameIsRefreshReloadShowOrLatest" />
    </UnitTest>
    <UnitTest name="ShouldBePossibleToLoadAXmlByTheyDynamicObject" storage="c:\documents and settings\luiz\meus documentos\luiz\projetos\dotnet\restfulieclient\restfulie-dotnet\restfulieclient\restfulieclient\restfuliclienttests\bin\debug\restfuliclienttests.dll" id="d0323cf5-0177-9eb9-b002-fddc1f554fb9">
      <Execution id="4a60db3f-61db-44c8-abbc-c3893fa37473" />
      <TestMethod codeBase="C:/Documents and Settings/Luiz/Meus documentos/Luiz/projetos/dotNet/RestfulieClient/restfulie-dotNet/RestfulieClient/RestfulieClient/RestfuliClientTests/bin/Debug/RestfuliClientTests.DLL" adapterTypeName="Microsoft.VisualStudio.TestTools.TestTypes.Unit.UnitTestAdapter, Microsoft.VisualStudio.QualityTools.Tips.UnitTest.Adapter, Version=10.0.0.0, Culture=neutral, PublicKeyToken=b03f5f7f11d50a3a" className="RestfuliClientTests.DynamicXmlResourceTest, RestfuliClientTests, Version=1.0.0.0, Culture=neutral, PublicKeyToken=null" name="ShouldBePossibleToLoadAXmlByTheyDynamicObject" />
    </UnitTest>
  </TestDefinitions>
  <TestLists>
    <TestList name="Results Not in a List" id="8c84fa94-04c1-424b-9868-57a2d4851a1d" />
    <TestList name="All Loaded Results" id="19431567-8539-422a-85d7-44ee4e166bda" />
  </TestLists>
  <TestEntries>
    <TestEntry testId="50d0f768-5def-b475-3350-01dc843a4446" executionId="e01f6220-ad41-451b-8658-86217db63cd5" testListId="8c84fa94-04c1-424b-9868-57a2d4851a1d" />
    <TestEntry testId="77dd7c9e-87fe-f72c-f081-25ec26cecca2" executionId="4195ac64-bbd1-488b-8935-08fe4b65ed23" testListId="8c84fa94-04c1-424b-9868-57a2d4851a1d" />
    <TestEntry testId="9db7e05b-f371-1508-4150-883face9ffc6" executionId="eef8f7a8-5c90-40c3-ac7a-ffd390c35819" testListId="8c84fa94-04c1-424b-9868-57a2d4851a1d" />
    <TestEntry testId="a63ebef4-e52e-1b48-622f-e24b44b4cf1a" executionId="42ad42de-3cde-40f4-9e0e-3e55dae52374" testListId="8c84fa94-04c1-424b-9868-57a2d4851a1d" />
    <TestEntry testId="cbc2773b-0c0c-0ab1-2b27-d03d43cf5ba5" executionId="e1534b09-0cc7-4ba0-a0de-9de0ac0a028d" testListId="8c84fa94-04c1-424b-9868-57a2d4851a1d" />
    <TestEntry testId="d0323cf5-0177-9eb9-b002-fddc1f554fb9" executionId="4a60db3f-61db-44c8-abbc-c3893fa37473" testListId="8c84fa94-04c1-424b-9868-57a2d4851a1d" />
    <TestEntry testId="d67ac6a1-a5b7-23ec-7045-9e2ae068fef8" executionId="fa45b5f4-a3b0-4eb2-80bc-3fccaf462b9c" testListId="8c84fa94-04c1-424b-9868-57a2d4851a1d" />
    <TestEntry testId="f259dcfd-b0fc-ff4d-e19a-3f823d4cb031" executionId="31ec5aa1-80b2-4a2b-a71d-d6f1f47f2834" testListId="8c84fa94-04c1-424b-9868-57a2d4851a1d" />
  </TestEntries>
  <Results>
    <UnitTestResult executionId="e01f6220-ad41-451b-8658-86217db63cd5" testId="50d0f768-5def-b475-3350-01dc843a4446" testName="ShouldBeSendAGetForSomeTransitionNameThatIsNotSupported" computerName="ZEMENINO" duration="00:00:00.0146900" startTime="2009-12-23T10:52:58.4531250-02:00" endTime="2009-12-23T10:52:59.0312500-02:00" testType="13cdc9d9-ddb5-4fa4-a97d-d965ccfc6d4b" outcome="Passed" testListId="8c84fa94-04c1-424b-9868-57a2d4851a1d" relativeResultsDirectory="e01f6220-ad41-451b-8658-86217db63cd5">
    </UnitTestResult>
    <UnitTestResult executionId="4195ac64-bbd1-488b-8935-08fe4b65ed23" testId="77dd7c9e-87fe-f72c-f081-25ec26cecca2" testName="ShouldBeSendAGetIfTheStateTransitionNameIsRefreshReloadShowOrLatest" computerName="ZEMENINO" duration="00:00:00.0005247" startTime="2009-12-23T10:52:59.0468750-02:00" endTime="2009-12-23T10:52:59.0468750-02:00" testType="13cdc9d9-ddb5-4fa4-a97d-d965ccfc6d4b" outcome="Passed" testListId="8c84fa94-04c1-424b-9868-57a2d4851a1d" relativeResultsDirectory="4195ac64-bbd1-488b-8935-08fe4b65ed23">
    </UnitTestResult>
    <UnitTestResult executionId="eef8f7a8-5c90-40c3-ac7a-ffd390c35819" testId="9db7e05b-f371-1508-4150-883face9ffc6" testName="ShouldBePossibleToExecuteDynamicMethodsInResource" computerName="ZEMENINO" duration="00:00:00.3393137" startTime="2009-12-23T10:52:59.0468750-02:00" endTime="2009-12-23T10:52:59.3906250-02:00" testType="13cdc9d9-ddb5-4fa4-a97d-d965ccfc6d4b" outcome="Passed" testListId="8c84fa94-04c1-424b-9868-57a2d4851a1d" relativeResultsDirectory="eef8f7a8-5c90-40c3-ac7a-ffd390c35819">
    </UnitTestResult>
    <UnitTestResult executionId="42ad42de-3cde-40f4-9e0e-3e55dae52374" testId="a63ebef4-e52e-1b48-622f-e24b44b4cf1a" testName="ShouldSendADELETEIfTheStateTransitionNameIsCancelDestroyOrDelete" computerName="ZEMENINO" duration="00:00:00.0005150" startTime="2009-12-23T10:52:59.3906250-02:00" endTime="2009-12-23T10:52:59.4062500-02:00" testType="13cdc9d9-ddb5-4fa4-a97d-d965ccfc6d4b" outcome="Passed" testListId="8c84fa94-04c1-424b-9868-57a2d4851a1d" relativeResultsDirectory="42ad42de-3cde-40f4-9e0e-3e55dae52374">
    </UnitTestResult>
    <UnitTestResult executionId="e1534b09-0cc7-4ba0-a0de-9de0ac0a028d" testId="cbc2773b-0c0c-0ab1-2b27-d03d43cf5ba5" testName="ShouldSendAPOSTIfTheStateTransitionNameIsUpdate" computerName="ZEMENINO" duration="00:00:00.0002061" startTime="2009-12-23T10:52:59.4062500-02:00" endTime="2009-12-23T10:52:59.4062500-02:00" testType="13cdc9d9-ddb5-4fa4-a97d-d965ccfc6d4b" outcome="Passed" testListId="8c84fa94-04c1-424b-9868-57a2d4851a1d" relativeResultsDirectory="e1534b09-0cc7-4ba0-a0de-9de0ac0a028d">
    </UnitTestResult>
    <UnitTestResult executionId="4a60db3f-61db-44c8-abbc-c3893fa37473" testId="d0323cf5-0177-9eb9-b002-fddc1f554fb9" testName="ShouldBePossibleToLoadAXmlByTheyDynamicObject" computerName="ZEMENINO" duration="00:00:00.0077914" startTime="2009-12-23T10:52:59.4062500-02:00" endTime="2009-12-23T10:52:59.4218750-02:00" testType="13cdc9d9-ddb5-4fa4-a97d-d965ccfc6d4b" outcome="Passed" testListId="8c84fa94-04c1-424b-9868-57a2d4851a1d" relativeResultsDirectory="4a60db3f-61db-44c8-abbc-c3893fa37473">
    </UnitTestResult>
    <UnitTestResult executionId="fa45b5f4-a3b0-4eb2-80bc-3fccaf462b9c" testId="d67ac6a1-a5b7-23ec-7045-9e2ae068fef8" testName="ShoudBePossibleToLoadAResourceFromXml" computerName="ZEMENINO" duration="00:00:00.0065849" startTime="2009-12-23T10:52:59.4218750-02:00" endTime="2009-12-23T10:52:59.4375000-02:00" testType="13cdc9d9-ddb5-4fa4-a97d-d965ccfc6d4b" outcome="Passed" testListId="8c84fa94-04c1-424b-9868-57a2d4851a1d" relativeResultsDirectory="fa45b5f4-a3b0-4eb2-80bc-3fccaf462b9c">
    </UnitTestResult>
    <UnitTestResult executionId="31ec5aa1-80b2-4a2b-a71d-d6f1f47f2834" testId="f259dcfd-b0fc-ff4d-e19a-3f823d4cb031" testName="LearningToReadAAtomLinkInXml" computerName="ZEMENINO" duration="00:00:00.0034192" startTime="2009-12-23T10:52:59.4375000-02:00" endTime="2009-12-23T10:52:59.4375000-02:00" testType="13cdc9d9-ddb5-4fa4-a97d-d965ccfc6d4b" outcome="Passed" testListId="8c84fa94-04c1-424b-9868-57a2d4851a1d" relativeResultsDirectory="31ec5aa1-80b2-4a2b-a71d-d6f1f47f2834">
    </UnitTestResult>
  </Results>
</TestRun>